
> omniguard-frontend@0.0.0 build
> vite build

[36mvite v8.0.8 [32mbuilding client environment for production...[36m[39m
[2K
transforming...Γ£ô 2188 modules transformed.
node.exe : [31mΓ£ù[39m Build failed in 428ms
At line:1 char:1
+ & "C:\Program Files\nodejs/node.exe" "C:\Program Files\nodejs/node_mo ...
+ ~~~~~~~~~~~~~~~~~~~~~~~~~~~~~~~~~~~~~~~~~~~~~~~~~~~~~~~~~~~~~~~~~~~~~
    + CategoryInfo          : NotSpecified: ([31mΓ£ù[39m Build failed in 428ms:String) [], RemoteException
    + FullyQualifiedErrorId : NativeCommandError
 
[31merror during build:
[31mBuild failed with 1 error:

[plugin @tailwindcss/vite:generate:build] C:/Users/Hp/Desktop/programs/omni2.2/src/index.css
Error: Cannot apply unknown utility class `glass-panel`
    at onInvalidCandidate 
(file:///C:/Users/Hp/Desktop/programs/omni2.2/node_modules/tailwindcss/dist/chunk-F4544Y4M.mjs:21:1511)
    at $e (file:///C:/Users/Hp/Desktop/programs/omni2.2/node_modules/tailwindcss/dist/chunk-F4544Y4M.mjs:16:36740)
    at file:///C:/Users/Hp/Desktop/programs/omni2.2/node_modules/tailwindcss/dist/chunk-F4544Y4M.mjs:21:355
    at Cr (file:///C:/Users/Hp/Desktop/programs/omni2.2/node_modules/tailwindcss/dist/chunk-F4544Y4M.mjs:3:1733)
    at _ (file:///C:/Users/Hp/Desktop/programs/omni2.2/node_modules/tailwindcss/dist/chunk-F4544Y4M.mjs:3:1377)
    at Ce (file:///C:/Users/Hp/Desktop/programs/omni2.2/node_modules/tailwindcss/dist/chunk-F4544Y4M.mjs:21:172)
    at Zi (file:///C:/Users/Hp/Desktop/programs/omni2.2/node_modules/tailwindcss/dist/chunk-F4544Y4M.mjs:38:294)
    at async ua (file:///C:/Users/Hp/Desktop/programs/omni2.2/node_modules/tailwindcss/dist/chunk-F4544Y4M.mjs:38:631)
    at async yf (file:///C:/Users/Hp/Desktop/programs/omni2.2/node_modules/tailwindcss/dist/chunk-F4544Y4M.mjs:38:1406)
    at async uu 
(file:///C:/Users/Hp/Desktop/programs/omni2.2/node_modules/@tailwindcss/node/dist/index.mjs:10:3457)[31m
    at aggregateBindingErrorsIntoJsError 
(file:///C:/Users/Hp/Desktop/programs/omni2.2/node_modules/rolldown/dist/shared/error-w0u7biK-.mjs:48:18)
    at unwrapBindingResult 
(file:///C:/Users/Hp/Desktop/programs/omni2.2/node_modules/rolldown/dist/shared/error-w0u7biK-.mjs:18:128)
    at #build 
(file:///C:/Users/Hp/Desktop/programs/omni2.2/node_modules/rolldown/dist/shared/rolldown-build-DtGk-m96.mjs:3313:34)
    at async buildEnvironment 
(file:///C:/Users/Hp/Desktop/programs/omni2.2/node_modules/vite/dist/node/chunks/node.js:32954:64)
    at async Object.build 
(file:///C:/Users/Hp/Desktop/programs/omni2.2/node_modules/vite/dist/node/chunks/node.js:33376:19)
    at async Object.buildApp 
(file:///C:/Users/Hp/Desktop/programs/omni2.2/node_modules/vite/dist/node/chunks/node.js:33373:153)
    at async CAC.<anonymous> (file:///C:/Users/Hp/Desktop/programs/omni2.2/node_modules/vite/dist/node/cli.js:778:3) {
  errors: [Getter/Setter]
}[39m
